2  Stopping criterion is 1.68793 (Threshold: 0.001)
