2  Stopping criterion is 1.68988 (Threshold: 0.001)
